../Core/Src/main.c:585:13:MX_GPIO_Init	48	static
../Core/Src/main.c:561:13:MX_DMA_Init	16	static
../Core/Src/main.c:642:6:Error_Handler	0	static,ignoring_inline_asm
../Core/Src/main.c:320:13:MX_TIM1_Init	96	static
../Core/Src/main.c:393:13:MX_TIM2_Init	48	static
../Core/Src/main.c:461:13:MX_TIM16_Init	8	static
../Core/Src/main.c:493:13:MX_USART1_UART_Init	8	static
../Core/Src/main.c:528:13:MX_USART2_UART_Init	8	static
../Core/Src/main.c:233:13:MX_ADC1_Init	48	static
../Core/Src/main.c:170:6:SystemClock_Config	96	static
../Core/Src/main.c:94:5:main	8	static
