../Core/Src/stm32l4xx_hal_msp.c:70:6:HAL_MspInit	8	static
../Core/Src/stm32l4xx_hal_msp.c:92:6:HAL_ADC_MspInit	40	static
../Core/Src/stm32l4xx_hal_msp.c:147:6:HAL_ADC_MspDeInit	8	static
../Core/Src/stm32l4xx_hal_msp.c:181:6:HAL_TIM_PWM_MspInit	16	static
../Core/Src/stm32l4xx_hal_msp.c:206:6:HAL_TIM_OC_MspInit	16	static
../Core/Src/stm32l4xx_hal_msp.c:270:6:HAL_TIM_Base_MspInit	16	static
../Core/Src/stm32l4xx_hal_msp.c:289:6:HAL_TIM_MspPostInit	40	static
../Core/Src/stm32l4xx_hal_msp.c:343:6:HAL_TIM_PWM_MspDeInit	0	static
../Core/Src/stm32l4xx_hal_msp.c:375:6:HAL_TIM_OC_MspDeInit	8	static
../Core/Src/stm32l4xx_hal_msp.c:405:6:HAL_TIM_Base_MspDeInit	0	static
../Core/Src/stm32l4xx_hal_msp.c:437:6:HAL_UART_MspInit	104	static
../Core/Src/stm32l4xx_hal_msp.c:531:6:HAL_UART_MspDeInit	8	static
