../Core/Src/app/echo_stim_setting.c:122:6:Echo_Get_Res_Data	40	static
../Core/Src/app/echo_stim_setting.c:107:6:Echo_Set_V_PW	8	static
../Core/Src/app/echo_stim_setting.c:166:6:Echo_Factory_Reset	8	static
../Core/Src/app/echo_stim_setting.c:180:6:Echo_Pulse_Prm_Config	4	static
../Core/Src/app/echo_stim_setting.c:63:6:Echo_Set_DT	8	static
../Core/Src/app/echo_stim_setting.c:75:6:Echo_Set_PW	8	static
../Core/Src/app/echo_stim_setting.c:82:6:Echo_Set_HZ	8	static
../Core/Src/app/echo_stim_setting.c:319:6:Echo_Pulse_V_PW_Config	0	static
../Core/Src/app/echo_stim_setting.c:328:6:Echo_StepUP_Stop	8	static
../Core/Src/app/echo_stim_setting.c:201:6:Echo_Stim_Stop	8	static
../Core/Src/app/echo_stim_setting.c:334:6:Echo_StepUP_Start	8	static
../Core/Src/app/echo_stim_setting.c:209:6:Echo_Stim_Start	48	static
