../Core/Src/app/echo_stim_setting.c:125:6:Echo_VPW_SET_TP_ON	8	static
../Core/Src/app/echo_stim_setting.c:130:6:Echo_VPW_TP_OFF	8	static
../Core/Src/app/echo_stim_setting.c:139:6:Echo_Get_Res_Data	40	static
../Core/Src/app/echo_stim_setting.c:187:6:Echo_Factory_Reset	8	static
../Core/Src/app/echo_stim_setting.c:201:6:Echo_Pulse_Prm_Config	4	static
../Core/Src/app/echo_stim_setting.c:70:6:Echo_Set_DT	8	static
../Core/Src/app/echo_stim_setting.c:82:6:Echo_Set_PW	8	static
../Core/Src/app/echo_stim_setting.c:89:6:Echo_Set_HZ	8	static
../Core/Src/app/echo_stim_setting.c:353:6:Echo_Pulse_V_PW_Config	0	static
../Core/Src/app/echo_stim_setting.c:114:6:Echo_Set_V_PW	8	static
../Core/Src/app/echo_stim_setting.c:362:6:Echo_StepUP_Stop	8	static
../Core/Src/app/echo_stim_setting.c:221:6:Echo_Stim_Stop	8	static
../Core/Src/app/echo_stim_setting.c:368:6:Echo_StepUP_Start	8	static
../Core/Src/app/echo_stim_setting.c:231:6:Echo_Stim_Start	48	static
