../Core/Src/app/echo_led.c:73:22:Echo_LED_Green_Off	8	static
../Core/Src/app/echo_led.c:78:22:Echo_LED_Green_On	8	static
../Core/Src/app/echo_led.c:83:22:Echo_LED_Off_All	8	static
../Core/Src/app/echo_led.c:88:22:Echo_LED_State_Reset	8	static
../Core/Src/app/echo_led.c:95:13:Echo_LED_CTRL	16	static
../Core/Src/app/echo_led.c:124:6:Echo_LED_Init	8	static
../Core/Src/app/echo_led.c:130:6:Echo_LED_Enable	8	static
../Core/Src/app/echo_led.c:139:6:Echo_LED_Indication_Disable	4	static
../Core/Src/app/echo_led.c:144:6:Echo_Set_LED_State	24	static
../Core/Src/app/echo_led.c:185:6:Echo_LED_State_Refresh	8	static
../Core/Src/app/echo_led.c:212:6:Echo_LED_Handle	16	static
