../Core/Src/app/echo_adc.c:53:6:HAL_ADC_ConvCpltCallback	48	static
../Core/Src/app/echo_adc.c:92:6:HAL_ADC_ErrorCallback	16	static
../Core/Src/app/echo_adc.c:103:6:Echo_ADC1_Enable	8	static
../Core/Src/app/echo_adc.c:111:6:Echo_ADC2_Enable	8	static
../Core/Src/app/echo_adc.c:123:6:Echo_ADC_State_Init	8	static
../Core/Src/app/echo_adc.c:137:6:Echo_Start_ADC1_Conv	8	static
../Core/Src/app/echo_adc.c:146:6:Echo_Start_ADC2_Conv	8	static
../Core/Src/app/echo_adc.c:159:6:Echo_Stop_ADC1_Conv	8	static
../Core/Src/app/echo_adc.c:167:6:Echo_Stop_ADC2_Conv	8	static
../Core/Src/app/echo_adc.c:179:7:Echo_Stepup_ADC1_AVG	16	static
../Core/Src/app/echo_adc.c:190:7:Echo_Peak_Detection_ADC2_AVG	16	static
../Core/Src/app/echo_adc.c:205:7:Echo_ADC_Calc_Stepup_V	40	static
../Core/Src/app/echo_adc.c:218:7:Echo_ADC_Calc_Peak_V	32	static
../Core/Src/app/echo_adc.c:235:6:Echo_ADC_Handle	8	static
../Core/Src/app/echo_adc.c:262:19:Echo_Get_ADC1_State	4	static
../Core/Src/app/echo_adc.c:267:19:Echo_Get_ADC2_State	4	static
../Core/Src/app/echo_adc.c:272:6:Echo_Set_ADC1_State	16	static
../Core/Src/app/echo_adc.c:298:6:Echo_Set_ADC2_State	16	static
