../Core/Src/main.c:94:5:main	8	static
../Core/Src/main.c:157:6:SystemClock_Config	96	static
../Core/Src/main.c:209:13:MX_ADC1_Init	48	static
../Core/Src/main.c:278:13:MX_ADC2_Init	32	static
../Core/Src/main.c:337:13:MX_TIM1_Init	96	static
../Core/Src/main.c:410:13:MX_TIM2_Init	48	static
../Core/Src/main.c:478:13:MX_TIM16_Init	8	static
../Core/Src/main.c:510:13:MX_USART1_UART_Init	8	static
../Core/Src/main.c:545:13:MX_USART2_UART_Init	8	static
../Core/Src/main.c:578:13:MX_DMA_Init	16	static
../Core/Src/main.c:605:13:MX_GPIO_Init	48	static
../Core/Src/main.c:660:6:Error_Handler	4	static,ignoring_inline_asm
