../Core/Src/main.c:94:5:main	8	static
../Core/Src/main.c:158:6:SystemClock_Config	96	static
../Core/Src/main.c:216:13:MX_ADC1_Init	48	static
../Core/Src/main.c:285:13:MX_ADC2_Init	32	static
../Core/Src/main.c:344:13:MX_TIM1_Init	96	static
../Core/Src/main.c:417:13:MX_TIM2_Init	48	static
../Core/Src/main.c:485:13:MX_TIM16_Init	8	static
../Core/Src/main.c:517:13:MX_USART1_UART_Init	8	static
../Core/Src/main.c:552:13:MX_USART2_UART_Init	8	static
../Core/Src/main.c:585:13:MX_DMA_Init	16	static
../Core/Src/main.c:612:13:MX_GPIO_Init	48	static
../Core/Src/main.c:667:6:Error_Handler	4	static,ignoring_inline_asm
