../Core/Src/stm32l4xx_hal_msp.c:72:6:HAL_MspInit	8	static
../Core/Src/stm32l4xx_hal_msp.c:96:6:HAL_ADC_MspInit	56	static
../Core/Src/stm32l4xx_hal_msp.c:192:6:HAL_ADC_MspDeInit	8	static
../Core/Src/stm32l4xx_hal_msp.c:247:6:HAL_TIM_PWM_MspInit	16	static
../Core/Src/stm32l4xx_hal_msp.c:272:6:HAL_TIM_OC_MspInit	16	static
../Core/Src/stm32l4xx_hal_msp.c:336:6:HAL_TIM_Base_MspInit	16	static
../Core/Src/stm32l4xx_hal_msp.c:355:6:HAL_TIM_MspPostInit	48	static
../Core/Src/stm32l4xx_hal_msp.c:417:6:HAL_TIM_PWM_MspDeInit	0	static
../Core/Src/stm32l4xx_hal_msp.c:449:6:HAL_TIM_OC_MspDeInit	8	static
../Core/Src/stm32l4xx_hal_msp.c:479:6:HAL_TIM_Base_MspDeInit	0	static
../Core/Src/stm32l4xx_hal_msp.c:511:6:HAL_UART_MspInit	96	static
../Core/Src/stm32l4xx_hal_msp.c:598:6:HAL_UART_MspDeInit	8	static
