../Core/Src/app/echo_stim_setting.c:112:6:Echo_Get_Res_Data	40	static
../Core/Src/app/echo_stim_setting.c:158:6:Echo_Pulse_Prm_Config	8	static
../Core/Src/app/echo_stim_setting.c:68:6:Echo_Set_DT	8	static
../Core/Src/app/echo_stim_setting.c:75:6:Echo_Set_PW	8	static
../Core/Src/app/echo_stim_setting.c:82:6:Echo_Set_HZ	8	static
../Core/Src/app/echo_stim_setting.c:170:6:Echo_Pulse_V_PW_Config	0	static
../Core/Src/app/echo_stim_setting.c:101:6:Echo_Set_V_PW	8	static
../Core/Src/app/echo_stim_setting.c:178:6:Echo_Factory_Reset	0	static
../Core/Src/app/echo_stim_setting.c:255:6:Echo_StepUP_Stop	0	static
../Core/Src/app/echo_stim_setting.c:191:6:Echo_Stim_Stop	8	static
../Core/Src/app/echo_stim_setting.c:260:6:Echo_StepUP_Start	0	static
../Core/Src/app/echo_stim_setting.c:198:6:Echo_Stim_Start	8	static
