../Drivers/CMSIS/Include/core_cm4.h:1933:34:__NVIC_SystemReset	0	static,ignoring_inline_asm
../Core/Src/stm32l4xx_it.c:77:6:NMI_Handler	0	static
../Core/Src/stm32l4xx_it.c:92:6:HardFault_Handler	8	static
../Core/Src/stm32l4xx_it.c:107:6:MemManage_Handler	0	static
../Core/Src/stm32l4xx_it.c:122:6:BusFault_Handler	8	static
../Core/Src/stm32l4xx_it.c:137:6:UsageFault_Handler	8	static
../Core/Src/stm32l4xx_it.c:152:6:SVC_Handler	0	static
../Core/Src/stm32l4xx_it.c:165:6:DebugMon_Handler	0	static
../Core/Src/stm32l4xx_it.c:178:6:PendSV_Handler	0	static
../Core/Src/stm32l4xx_it.c:191:6:SysTick_Handler	0	static
../Core/Src/stm32l4xx_it.c:212:6:DMA1_Channel1_IRQHandler	0	static
../Core/Src/stm32l4xx_it.c:226:6:DMA1_Channel5_IRQHandler	0	static
../Core/Src/stm32l4xx_it.c:240:6:DMA1_Channel7_IRQHandler	0	static
../Core/Src/stm32l4xx_it.c:254:6:TIM1_UP_TIM16_IRQHandler	8	static
../Core/Src/stm32l4xx_it.c:269:6:TIM2_IRQHandler	0	static
../Core/Src/stm32l4xx_it.c:283:6:USART1_IRQHandler	0	static
../Core/Src/stm32l4xx_it.c:297:6:USART2_IRQHandler	0	static
