../Core/Src/stm32l4xx_hal_msp.c:68:6:HAL_MspInit	8	static
../Core/Src/stm32l4xx_hal_msp.c:90:6:HAL_ADC_MspInit	48	static
../Core/Src/stm32l4xx_hal_msp.c:142:6:HAL_ADC_MspDeInit	8	static
../Core/Src/stm32l4xx_hal_msp.c:173:6:HAL_TIM_PWM_MspInit	24	static
../Core/Src/stm32l4xx_hal_msp.c:222:6:HAL_TIM_MspPostInit	40	static
../Core/Src/stm32l4xx_hal_msp.c:275:6:HAL_TIM_PWM_MspDeInit	8	static
../Core/Src/stm32l4xx_hal_msp.c:312:6:HAL_UART_MspInit	104	static
../Core/Src/stm32l4xx_hal_msp.c:406:6:HAL_UART_MspDeInit	8	static
