../Drivers/CMSIS/Include/core_cm4.h:1933:34:__NVIC_SystemReset	0	static,ignoring_inline_asm
../Core/Src/stm32l4xx_it.c:76:6:NMI_Handler	0	static
../Core/Src/stm32l4xx_it.c:91:6:HardFault_Handler	8	static
../Core/Src/stm32l4xx_it.c:106:6:MemManage_Handler	0	static
../Core/Src/stm32l4xx_it.c:121:6:BusFault_Handler	8	static
../Core/Src/stm32l4xx_it.c:136:6:UsageFault_Handler	8	static
../Core/Src/stm32l4xx_it.c:151:6:SVC_Handler	0	static
../Core/Src/stm32l4xx_it.c:164:6:DebugMon_Handler	0	static
../Core/Src/stm32l4xx_it.c:177:6:PendSV_Handler	0	static
../Core/Src/stm32l4xx_it.c:190:6:SysTick_Handler	0	static
../Core/Src/stm32l4xx_it.c:211:6:DMA1_Channel1_IRQHandler	0	static
../Core/Src/stm32l4xx_it.c:225:6:DMA1_Channel7_IRQHandler	0	static
../Core/Src/stm32l4xx_it.c:239:6:TIM1_UP_TIM16_IRQHandler	8	static
../Core/Src/stm32l4xx_it.c:254:6:TIM2_IRQHandler	0	static
../Core/Src/stm32l4xx_it.c:268:6:USART1_IRQHandler	0	static
../Core/Src/stm32l4xx_it.c:282:6:USART2_IRQHandler	0	static
