../Core/Src/stm32l4xx_hal_msp.c:68:6:HAL_MspInit	8	static
../Core/Src/stm32l4xx_hal_msp.c:90:6:HAL_ADC_MspInit	48	static
../Core/Src/stm32l4xx_hal_msp.c:142:6:HAL_ADC_MspDeInit	8	static
../Core/Src/stm32l4xx_hal_msp.c:173:6:HAL_TIM_PWM_MspInit	24	static
../Core/Src/stm32l4xx_hal_msp.c:234:6:HAL_TIM_Base_MspInit	16	static
../Core/Src/stm32l4xx_hal_msp.c:253:6:HAL_TIM_MspPostInit	40	static
../Core/Src/stm32l4xx_hal_msp.c:307:6:HAL_TIM_PWM_MspDeInit	8	static
../Core/Src/stm32l4xx_hal_msp.c:357:6:HAL_TIM_Base_MspDeInit	0	static
../Core/Src/stm32l4xx_hal_msp.c:389:6:HAL_UART_MspInit	104	static
../Core/Src/stm32l4xx_hal_msp.c:483:6:HAL_UART_MspDeInit	8	static
